(node:653178) [MODULE_TYPELESS_PACKAGE_JSON] Warning: Module type of file:///home/felipe/Documentos/Projetos/vortek/vortek-prod/src/services/pricing-strategy.ts is not specified and it doesn't parse as CommonJS.
Reparsing as ES module because module syntax was detected. This incurs a performance overhead.
To eliminate this warning, add "type": "module" to /home/felipe/Documentos/Projetos/vortek/vortek-prod/package.json.
(Use `node --trace-warnings ...` to show where the warning was created)
{"evaluated":100,"total":5474,"errors":0}
{"evaluated":200,"total":5474,"errors":0}
{"evaluated":300,"total":5474,"errors":0}
{"evaluated":400,"total":5474,"errors":0}
{"evaluated":500,"total":5474,"errors":0}
{"evaluated":600,"total":5474,"errors":0}
{"evaluated":700,"total":5474,"errors":0}
{"evaluated":800,"total":5474,"errors":0}
{"evaluated":900,"total":5474,"errors":0}
{"evaluated":1000,"total":5474,"errors":0}
{"evaluated":1100,"total":5474,"errors":0}
{"evaluated":1200,"total":5474,"errors":0}
{"evaluated":1300,"total":5474,"errors":0}
{"evaluated":1400,"total":5474,"errors":0}
{"evaluated":1500,"total":5474,"errors":0}
{"evaluated":1600,"total":5474,"errors":0}
{"evaluated":1700,"total":5474,"errors":0}
{"evaluated":1800,"total":5474,"errors":0}
{"evaluated":1900,"total":5474,"errors":0}
{"evaluated":2000,"total":5474,"errors":0}
{"evaluated":2100,"total":5474,"errors":0}
{"evaluated":2200,"total":5474,"errors":0}
{"evaluated":2300,"total":5474,"errors":0}
{"evaluated":2400,"total":5474,"errors":0}
{"evaluated":2500,"total":5474,"errors":0}
{"evaluated":2600,"total":5474,"errors":0}
{"evaluated":2700,"total":5474,"errors":0}
{"evaluated":2800,"total":5474,"errors":0}
{"evaluated":2900,"total":5474,"errors":0}
{"evaluated":3000,"total":5474,"errors":0}
{"evaluated":3100,"total":5474,"errors":0}
{"evaluated":3200,"total":5474,"errors":0}
{"evaluated":3300,"total":5474,"errors":0}
{"evaluated":3400,"total":5474,"errors":0}
{"evaluated":3500,"total":5474,"errors":0}
{"evaluated":3600,"total":5474,"errors":0}
{"evaluated":3700,"total":5474,"errors":0}
{"evaluated":3800,"total":5474,"errors":0}
{"evaluated":3900,"total":5474,"errors":0}
{"evaluated":4000,"total":5474,"errors":0}
{"evaluated":4100,"total":5474,"errors":0}
{"evaluated":4200,"total":5474,"errors":0}
{"evaluated":4300,"total":5474,"errors":0}
{"evaluated":4400,"total":5474,"errors":0}
{"evaluated":4500,"total":5474,"errors":0}
{"evaluated":4600,"total":5474,"errors":0}
{"evaluated":4700,"total":5474,"errors":0}
{"evaluated":4800,"total":5474,"errors":0}
{"evaluated":4900,"total":5474,"errors":0}
{"evaluated":5000,"total":5474,"errors":0}
{"evaluated":5100,"total":5474,"errors":1}
{"evaluated":5200,"total":5474,"errors":1}
{"evaluated":5300,"total":5474,"errors":1}
{"evaluated":5400,"total":5474,"errors":1}
{"evaluated":5474,"total":5474,"errors":1}
{"done":true,"apply":true,"total":5474,"persisted":5473,"inconclusive":1669,"errors":1,"mlMutations":0}
