
> vortek@0.1.0 test:m2m-pricing-radar
> node --test tests/m2m-pricing-conflicts.test.js tests/m2m-pricing-integration.test.cjs tests/preferred-offer.test.js tests/ml-order-profit.test.js tests/ml-pricing-experiment.test.js tests/automatic-pricing-force.test.js tests/target-net-profit-pricing.test.js tests/ml-listing-activation-guard.test.js tests/ml-catalog-pack-quantity.test.js tests/catalog-competition-status.test.js tests/m2m-pricing-approval.test.cjs tests/m2m-identity-equivalence.test.cjs tests/ml-critical-attributes.test.js

TAP version 13
# Subtest: mantém regra normal: preço automático apenas quando custo muda
ok 1 - mantém regra normal: preço automático apenas quando custo muda
  ---
  duration_ms: 2.02158
  type: 'test'
  ...
# Subtest: força reconciliação de preço do kit mesmo com custo já recalculado
ok 2 - força reconciliação de preço do kit mesmo com custo já recalculado
  ---
  duration_ms: 0.249599
  type: 'test'
  ...
# Subtest: mostra sem catálogo quando o anúncio não pertence ao catálogo
ok 3 - mostra sem catálogo quando o anúncio não pertence ao catálogo
  ---
  duration_ms: 1.010157
  type: 'test'
  ...
# Subtest: considera winning e sharing_first_place como ganhando
ok 4 - considera winning e sharing_first_place como ganhando
  ---
  duration_ms: 1.239736
  type: 'test'
  ...
# Subtest: distingue competindo dos demais estados perdedores
ok 5 - distingue competindo dos demais estados perdedores
  ---
  duration_ms: 0.236034
  type: 'test'
  ...
# (node:661709) [MODULE_TYPELESS_PACKAGE_JSON] Warning: Module type of file:///home/felipe/Documentos/Projetos/vortek/vortek-prod/src/services/pricing-strategy.ts is not specified and it doesn't parse as CommonJS.
# Reparsing as ES module because module syntax was detected. This incurs a performance overhead.
# To eliminate this warning, add "type": "module" to /home/felipe/Documentos/Projetos/vortek/vortek-prod/package.json.
# (Use `node --trace-warnings ...` to show where the warning was created)
# Subtest: equivalências documentadas funcionam no Radar e na leitura posterior, sem renomear cadastro
ok 6 - equivalências documentadas funcionam no Radar e na leitura posterior, sem renomear cadastro
  ---
  duration_ms: 4.190735
  type: 'test'
  ...
# Subtest: NWT/Storm exige declaração da oferta; relação desconhecida não é conflito confirmado
ok 7 - NWT/Storm exige declaração da oferta; relação desconhecida não é conflito confirmado
  ---
  duration_ms: 0.714852
  type: 'test'
  ...
# Subtest: modelos normalizam separadores e preservam sufixos, tamanho do código e variantes
ok 8 - modelos normalizam separadores e preservam sufixos, tamanho do código e variantes
  ---
  duration_ms: 5.637248
  type: 'test'
  ...
# Subtest: composição de kit é extraída da descrição e do título ML, com origem
ok 9 - composição de kit é extraída da descrição e do título ML, com origem
  ---
  duration_ms: 1.199942
  type: 'test'
  ...
# Subtest: um kit não vira quatro kits; seis cordas não viram seis jogos; conjunto mecânico não é kit
ok 10 - um kit não vira quatro kits; seis cordas não viram seis jogos; conjunto mecânico não é kit
  ---
  duration_ms: 1.533553
  type: 'test'
  ...
# Subtest: ausência remota não é contradição; kit sem composição ainda exige validação
ok 11 - ausência remota não é contradição; kit sem composição ainda exige validação
  ---
  duration_ms: 0.734157
  type: 'test'
  ...
# Subtest: estimativas econômicas são avisos, sem inventar confirmação ou conflito de identidade
ok 12 - estimativas econômicas são avisos, sem inventar confirmação ou conflito de identidade
  ---
  duration_ms: 1.165521
  type: 'test'
  ...
# Subtest: complemento técnico auditado distingue seis pinos de quatro e fica vinculado à oferta/GTIN
ok 13 - complemento técnico auditado distingue seis pinos de quatro e fica vinculado à oferta/GTIN
  ---
  duration_ms: 0.819164
  type: 'test'
  ...
# Subtest: compatibilidade de catálogo usa composição da descrição sem confundir kit vendido como unidade
ok 14 - compatibilidade de catálogo usa composição da descrição sem confundir kit vendido como unidade
  ---
  duration_ms: 6.938554
  type: 'test'
  ...
# Subtest: descritores do modelo não bloqueiam código comprovado; cores e sufixos continuam materiais
ok 15 - descritores do modelo não bloqueiam código comprovado; cores e sufixos continuam materiais
  ---
  duration_ms: 2.052046
  type: 'test'
  ...
# (node:661715) [MODULE_TYPELESS_PACKAGE_JSON] Warning: Module type of file:///home/felipe/Documentos/Projetos/vortek/vortek-prod/src/services/pricing-strategy.ts is not specified and it doesn't parse as CommonJS.
# Reparsing as ES module because module syntax was detected. This incurs a performance overhead.
# To eliminate this warning, add "type": "module" to /home/felipe/Documentos/Projetos/vortek/vortek-prod/package.json.
# (Use `node --trace-warnings ...` to show where the warning was created)
# Subtest: aprovação vinculada às mesmas entradas pode prosseguir sem teto artificial de margem
ok 16 - aprovação vinculada às mesmas entradas pode prosseguir sem teto artificial de margem
  ---
  duration_ms: 70.470855
  type: 'test'
  ...
# Subtest: aprovação ausente ou já aplicada não autoriza outra escrita
ok 17 - aprovação ausente ou já aplicada não autoriza outra escrita
  ---
  duration_ms: 48.432662
  type: 'test'
  ...
# Subtest: mudança de custo ou preço anterior invalida aprovação
ok 18 - mudança de custo ou preço anterior invalida aprovação
  ---
  duration_ms: 42.899346
  type: 'test'
  ...
# Subtest: fonte inconclusiva e grupo divergente impedem aplicação
ok 19 - fonte inconclusiva e grupo divergente impedem aplicação
  ---
  duration_ms: 57.595507
  type: 'test'
  ...
# Subtest: refresh da mesma oferta preserva aprovação; quantidade material diferente invalida
ok 20 - refresh da mesma oferta preserva aprovação; quantidade material diferente invalida
  ---
  duration_ms: 21.670235
  type: 'test'
  ...
# (node:661716) [MODULE_TYPELESS_PACKAGE_JSON] Warning: Module type of file:///home/felipe/Documentos/Projetos/vortek/vortek-prod/src/services/pricing-strategy.ts is not specified and it doesn't parse as CommonJS.
# Reparsing as ES module because module syntax was detected. This incurs a performance overhead.
# To eliminate this warning, add "type": "module" to /home/felipe/Documentos/Projetos/vortek/vortek-prod/package.json.
# (Use `node --trace-warnings ...` to show where the warning was created)
# Subtest: fronteiras canônicas de preço final, inclusive centavos
ok 21 - fronteiras canônicas de preço final, inclusive centavos
  ---
  duration_ms: 4.955312
  type: 'test'
  ...
# Subtest: tributo precisa de competência e evidência; confirmado vence estimativa
ok 22 - tributo precisa de competência e evidência; confirmado vence estimativa
  ---
  duration_ms: 1.631061
  type: 'test'
  ...
# Subtest: RBT12 proporcionalizado e mês ausente não vira zero
ok 23 - RBT12 proporcionalizado e mês ausente não vira zero
  ---
  duration_ms: 0.851519
  type: 'test'
  ...
# Subtest: economia canônica discrimina ausência, zero confirmado e estimativa
ok 24 - economia canônica discrimina ausência, zero confirmado e estimativa
  ---
  duration_ms: 1.214502
  type: 'test'
  ...
# Subtest: 7,3% abaixo de 200 é viável no alvo, sem piso universal 10%
ok 25 - 7,3% abaixo de 200 é viável no alvo, sem piso universal 10%
  ---
  duration_ms: 3.530998
  type: 'test'
  ...
# Subtest: preço sugerido estabiliza e respeita alvo final com arredondamento fiscal
ok 26 - preço sugerido estabiliza e respeita alvo final com arredondamento fiscal
  ---
  duration_ms: 0.940305
  type: 'test'
  ...
# Subtest: solver consulta o preço retornado e cruza faixas
ok 27 - solver consulta o preço retornado e cruza faixas
  ---
  duration_ms: 0.961981
  type: 'test'
  ...
# Subtest: solver falha explicitamente quando fonte está indisponível
ok 28 - solver falha explicitamente quando fonte está indisponível
  ---
  duration_ms: 0.246151
  type: 'test'
  ...
# Subtest: regressão D0: cotação viva desfaz falso prejuízo stale
ok 29 - regressão D0: cotação viva desfaz falso prejuízo stale
  ---
  duration_ms: 0.405015
  type: 'test'
  ...
# Subtest: margem premium com venda é preservada; baixa funcional exige estratégia
ok 30 - margem premium com venda é preservada; baixa funcional exige estratégia
  ---
  duration_ms: 0.679072
  type: 'test'
  ...
# Subtest: marca/modelo contraditórios vencem GTIN igual
ok 31 - marca/modelo contraditórios vencem GTIN igual
  ---
  duration_ms: 0.789038
  type: 'test'
  ...
# Subtest: GTIN diferente só admite variação com evidência e atributos coerentes
ok 32 - GTIN diferente só admite variação com evidência e atributos coerentes
  ---
  duration_ms: 0.277962
  type: 'test'
  ...
# Subtest: kit e quantidade impedem automação, GTIN sozinho deixa pendência
ok 33 - kit e quantidade impedem automação, GTIN sozinho deixa pendência
  ---
  duration_ms: 0.262947
  type: 'test'
  ...
# Subtest: ativo, reativação e vínculo incompleto têm filas distintas
ok 34 - ativo, reativação e vínculo incompleto têm filas distintas
  ---
  duration_ms: 0.515088
  type: 'test'
  ...
# Subtest: ausência de demanda não cria conflito; Buy Box negativa bloqueia
ok 35 - ausência de demanda não cria conflito; Buy Box negativa bloqueia
  ---
  duration_ms: 0.289164
  type: 'test'
  ...
# (node:661722) [MODULE_TYPELESS_PACKAGE_JSON] Warning: Module type of file:///home/felipe/Documentos/Projetos/vortek/vortek-prod/src/services/pricing-strategy.ts is not specified and it doesn't parse as CommonJS.
# Reparsing as ES module because module syntax was detected. This incurs a performance overhead.
# To eliminate this warning, add "type": "module" to /home/felipe/Documentos/Projetos/vortek/vortek-prod/package.json.
# (Use `node --trace-warnings ...` to show where the warning was created)
# Subtest: integração tarifa total sem duplicar fixed_fee; frete vivo vence stale
ok 36 - integração tarifa total sem duplicar fixed_fee; frete vivo vence stale
  ---
  duration_ms: 99.309931
  type: 'test'
  ...
# Subtest: ML indisponível não confirma prejuízo por frete local
ok 37 - ML indisponível não confirma prejuízo por frete local
  ---
  duration_ms: 41.703737
  type: 'test'
  ...
# Subtest: fallback configurado é explícito e nunca sobrescreve fonte viva
ok 38 - fallback configurado é explícito e nunca sobrescreve fonte viva
  ---
  duration_ms: 30.805985
  type: 'test'
  ...
# Subtest: Radar, anúncio e simulador compartilham os mesmos valores e cotação final
ok 39 - Radar, anúncio e simulador compartilham os mesmos valores e cotação final
  ---
  duration_ms: 31.272004
  type: 'test'
  ...
# Subtest: solver detecta oscilação em cotação descontínua
ok 40 - solver detecta oscilação em cotação descontínua
  ---
  duration_ms: 0.300175
  type: 'test'
  ...
# Subtest: escolha de oferta impede fornecedor inativo de fornecer CMV
ok 41 - escolha de oferta impede fornecedor inativo de fornecer CMV
  ---
  duration_ms: 25.513232
  type: 'test'
  ...
# Subtest: observação ML válida vence fallback quando nova consulta falha
ok 42 - observação ML válida vence fallback quando nova consulta falha
  ---
  duration_ms: 39.07737
  type: 'test'
  ...
# (node:661734) [MODULE_TYPELESS_PACKAGE_JSON] Warning: Module type of file:///home/felipe/Documentos/Projetos/vortek/vortek-prod/src/lib/ml/identity-normalization.ts is not specified and it doesn't parse as CommonJS.
# Reparsing as ES module because module syntax was detected. This incurs a performance overhead.
# To eliminate this warning, add "type": "module" to /home/felipe/Documentos/Projetos/vortek/vortek-prod/package.json.
# (Use `node --trace-warnings ...` to show where the warning was created)
# Subtest: bloqueia catálogo de 20 pilhas para cartela local com 4 pilhas
ok 43 - bloqueia catálogo de 20 pilhas para cartela local com 4 pilhas
  ---
  duration_ms: 6.202611
  type: 'test'
  ...
# Subtest: aceita catálogo quando a quantidade física é a mesma
ok 44 - aceita catálogo quando a quantidade física é a mesma
  ---
  duration_ms: 0.437083
  type: 'test'
  ...
# Subtest: reconhece quantidade escrita como cartela e blister
ok 45 - reconhece quantidade escrita como cartela e blister
  ---
  duration_ms: 0.440851
  type: 'test'
  ...
# Subtest: não confunde códigos de modelo com quantidade
ok 46 - não confunde códigos de modelo com quantidade
  ---
  duration_ms: 0.394461
  type: 'test'
  ...
# Subtest: reconhece abreviações C/40 e 10 Un
ok 47 - reconhece abreviações C/40 e 10 Un
  ---
  duration_ms: 0.46542
  type: 'test'
  ...
# Subtest: bloqueia atributos que representam quantidade física diferente do título local
ok 48 - bloqueia atributos que representam quantidade física diferente do título local
  ---
  duration_ms: 1.84292
  type: 'test'
  ...
# Subtest: multiplica unidades por kit pela quantidade de kits
ok 49 - multiplica unidades por kit pela quantidade de kits
  ---
  duration_ms: 0.5925
  type: 'test'
  ...
# (node:661735) [MODULE_TYPELESS_PACKAGE_JSON] Warning: Module type of file:///home/felipe/Documentos/Projetos/vortek/vortek-prod/src/lib/ml/identity-normalization.ts is not specified and it doesn't parse as CommonJS.
# Reparsing as ES module because module syntax was detected. This incurs a performance overhead.
# To eliminate this warning, add "type": "module" to /home/felipe/Documentos/Projetos/vortek/vortek-prod/package.json.
# (Use `node --trace-warnings ...` to show where the warning was created)
# Subtest: aceita tensão DC explícita como evidência crítica
ok 50 - aceita tensão DC explícita como evidência crítica
  ---
  duration_ms: 2.71546
  type: 'test'
  ...
# Subtest: normaliza tensão DC sem convertê-la em tensão de rede
ok 51 - normaliza tensão DC sem convertê-la em tensão de rede
  ---
  duration_ms: 1.857012
  type: 'test'
  ...
# Subtest: normaliza 120V de fornecedor como 127V de catálogo
ok 52 - normaliza 120V de fornecedor como 127V de catálogo
  ---
  duration_ms: 0.49449
  type: 'test'
  ...
# Subtest: não deduz tensão DC a partir de uma bateria sem rótulo elétrico
ok 53 - não deduz tensão DC a partir de uma bateria sem rótulo elétrico
  ---
  duration_ms: 0.237549
  type: 'test'
  ...
# Subtest: extrai 30 cm do nome sem confundir descrição logística ou hélice
ok 54 - extrai 30 cm do nome sem confundir descrição logística ou hélice
  ---
  duration_ms: 3.173086
  type: 'test'
  ...
# Subtest: bloqueia anúncio 50 cm quando produto comprovado é 30 cm
ok 55 - bloqueia anúncio 50 cm quando produto comprovado é 30 cm
  ---
  duration_ms: 1.91525
  type: 'test'
  ...
# Subtest: aceita anúncio com identidade crítica equivalente
ok 56 - aceita anúncio com identidade crítica equivalente
  ---
  duration_ms: 0.300606
  type: 'test'
  ...
# Subtest: SKU e GTIN não autorizam substituir marca sem equivalência documentada
ok 57 - SKU e GTIN não autorizam substituir marca sem equivalência documentada
  ---
  duration_ms: 0.362647
  type: 'test'
  ...
# Subtest: não reconcilia marca quando o GTIN diverge
ok 58 - não reconcilia marca quando o GTIN diverge
  ---
  duration_ms: 0.674821
  type: 'test'
  ...
# Subtest: predição ML de 50 cm não sobrescreve evidência local de 30 cm
ok 59 - predição ML de 50 cm não sobrescreve evidência local de 30 cm
  ---
  duration_ms: 0.982611
  type: 'test'
  ...
# Subtest: pausa anúncio ativo quando existe divergência material de identidade
ok 60 - pausa anúncio ativo quando existe divergência material de identidade
  ---
  duration_ms: 0.35639
  type: 'test'
  ...
# Subtest: fila valida identidade antes de ativar anúncio
ok 61 - fila valida identidade antes de ativar anúncio
  ---
  duration_ms: 1.698887
  type: 'test'
  ...
# Subtest: reativação direta também valida identidade antes de enviar active
ok 62 - reativação direta também valida identidade antes de enviar active
  ---
  duration_ms: 0.500052
  type: 'test'
  ...
# (node:661751) [MODULE_TYPELESS_PACKAGE_JSON] Warning: Module type of file:///home/felipe/Documentos/Projetos/vortek/vortek-prod/src/services/pricing.ts is not specified and it doesn't parse as CommonJS.
# Reparsing as ES module because module syntax was detected. This incurs a performance overhead.
# To eliminate this warning, add "type": "module" to /home/felipe/Documentos/Projetos/vortek/vortek-prod/package.json.
# (Use `node --trace-warnings ...` to show where the warning was created)
# Subtest: usa somente o custo final do vendedor informado pelo Mercado Livre
ok 63 - usa somente o custo final do vendedor informado pelo Mercado Livre
  ---
  duration_ms: 1.398532
  type: 'test'
  ...
# Subtest: aceita custo zero como custo final válido
ok 64 - aceita custo zero como custo final válido
  ---
  duration_ms: 0.184373
  type: 'test'
  ...
# Subtest: não inventa custo quando resposta de frete está incompleta
ok 65 - não inventa custo quando resposta de frete está incompleta
  ---
  duration_ms: 0.156309
  type: 'test'
  ...
# Subtest: não calcula lucro antes do custo final do frete
ok 66 - não calcula lucro antes do custo final do frete
  ---
  duration_ms: 0.186439
  type: 'test'
  ...
# Subtest: calcula lucro final com custo real do frete
ok 67 - calcula lucro final com custo real do frete
  ---
  duration_ms: 0.238702
  type: 'test'
  ...
# Subtest: não persiste lucro inválido quando a origem contém valor não finito
ok 68 - não persiste lucro inválido quando a origem contém valor não finito
  ---
  duration_ms: 0.148969
  type: 'test'
  ...
# Subtest: campo legado de despesas não participa mais da economia
ok 69 - campo legado de despesas não participa mais da economia
  ---
  duration_ms: 363.215437
  type: 'test'
  ...
# Subtest: valores legados inválidos de despesas não têm autoridade
ok 70 - valores legados inválidos de despesas não têm autoridade
  ---
  duration_ms: 117.127504
  type: 'test'
  ...
# Subtest: venda real de kit usa duas ofertas unitárias e cobra tarifa uma vez por kit
ok 71 - venda real de kit usa duas ofertas unitárias e cobra tarifa uma vez por kit
  ---
  duration_ms: 28.970564
  type: 'test'
  ...
# Subtest: dois kits multiplicam componentes e tarifa pela quantidade vendida
ok 72 - dois kits multiplicam componentes e tarifa pela quantidade vendida
  ---
  duration_ms: 24.502752
  type: 'test'
  ...
# Subtest: oferta ou fornecedor inativo não sustenta custo de kit
ok 73 - oferta ou fornecedor inativo não sustenta custo de kit
  ---
  duration_ms: 58.229989
  type: 'test'
  ...
# Subtest: kit inativo e composição não suportada mantêm diagnóstico próprio
ok 74 - kit inativo e composição não suportada mantêm diagnóstico próprio
  ---
  duration_ms: 44.107292
  type: 'test'
  ...
# Subtest: ausência de frete, tarifa ou tributo não produz lucro falso
ok 75 - ausência de frete, tarifa ou tributo não produz lucro falso
  ---
  duration_ms: 46.813346
  type: 'test'
  ...
# Subtest: CMV de linhas diferentes soma componentes sem custo adicional
ok 76 - CMV de linhas diferentes soma componentes sem custo adicional
  ---
  duration_ms: 24.372305
  type: 'test'
  ...
# Subtest: cálculo compartilhado aceita despesa adicional ausente sem dispensar custos obrigatórios
ok 77 - cálculo compartilhado aceita despesa adicional ausente sem dispensar custos obrigatórios
  ---
  duration_ms: 0.190446
  type: 'test'
  ...
# Subtest: pedido, simulador e Radar recebem o mesmo CMV de kit sem oferta fictícia
ok 78 - pedido, simulador e Radar recebem o mesmo CMV de kit sem oferta fictícia
  ---
  duration_ms: 20.63784
  type: 'test'
  ...
# (node:661753) [MODULE_TYPELESS_PACKAGE_JSON] Warning: Module type of file:///home/felipe/Documentos/Projetos/vortek/vortek-prod/src/services/pricing-strategy.ts is not specified and it doesn't parse as CommonJS.
# Reparsing as ES module because module syntax was detected. This incurs a performance overhead.
# To eliminate this warning, add "type": "module" to /home/felipe/Documentos/Projetos/vortek/vortek-prod/package.json.
# (Use `node --trace-warnings ...` to show where the warning was created)
# Subtest: faixas não têm lacunas nas fronteiras comerciais
ok 79 - faixas não têm lacunas nas fronteiras comerciais
  ---
  duration_ms: 1.303422
  type: 'test'
  ...
# Subtest: preço alvo estabiliza novamente quando cruza de faixa
ok 80 - preço alvo estabiliza novamente quando cruza de faixa
  ---
  duration_ms: 0.87311
  type: 'test'
  ...
# Subtest: até 5 visitas entra e 6 visitas é excluído
ok 81 - até 5 visitas entra e 6 visitas é excluído
  ---
  duration_ms: 0.894195
  type: 'test'
  ...
# Subtest: promoção, atacado e automação do ML são travas independentes
ok 82 - promoção, atacado e automação do ML são travas independentes
  ---
  duration_ms: 0.202804
  type: 'test'
  ...
# Subtest: classificações dos checkpoints seguem a ordem operacional
ok 83 - classificações dos checkpoints seguem a ordem operacional
  ---
  duration_ms: 0.204561
  type: 'test'
  ...
# Subtest: escrita do pricing group cobre origem e todos os espelhos uma única vez
ok 84 - escrita do pricing group cobre origem e todos os espelhos uma única vez
  ---
  duration_ms: 0.191019
  type: 'test'
  ...
# Subtest: troca fornecedor atual por alternativa ativa mais barata com estoque
ok 85 - troca fornecedor atual por alternativa ativa mais barata com estoque
  ---
  duration_ms: 1.43779
  type: 'test'
  ...
# Subtest: mantém fornecedor manual mesmo quando alternativa possui menor custo
ok 86 - mantém fornecedor manual mesmo quando alternativa possui menor custo
  ---
  duration_ms: 0.42795
  type: 'test'
  ...
# Subtest: mantém fornecedor manual sem estoque para refletir indisponibilidade escolhida
ok 87 - mantém fornecedor manual sem estoque para refletir indisponibilidade escolhida
  ---
  duration_ms: 0.170397
  type: 'test'
  ...
# Subtest: volta ao automático quando fornecedor manual fica inativo
ok 88 - volta ao automático quando fornecedor manual fica inativo
  ---
  duration_ms: 0.132153
  type: 'test'
  ...
# Subtest: não escolhe oferta sem estoque quando existe alternativa com estoque
ok 89 - não escolhe oferta sem estoque quando existe alternativa com estoque
  ---
  duration_ms: 0.126712
  type: 'test'
  ...
# Subtest: não trata custo zero como oferta válida
ok 90 - não trata custo zero como oferta válida
  ---
  duration_ms: 0.156483
  type: 'test'
  ...
# Subtest: não seleciona oferta inativa quando não existe fonte ativa
ok 91 - não seleciona oferta inativa quando não existe fonte ativa
  ---
  duration_ms: 0.138858
  type: 'test'
  ...
# Subtest: usa prioridade e estoque somente para desempate de custo
ok 92 - usa prioridade e estoque somente para desempate de custo
  ---
  duration_ms: 0.206067
  type: 'test'
  ...
# Subtest: reconcilia alternativa com estoque e custo menor mesmo sem mudança no XML
ok 93 - reconcilia alternativa com estoque e custo menor mesmo sem mudança no XML
  ---
  duration_ms: 0.727226
  type: 'test'
  ...
# Subtest: não reconcilia alternativa mais cara quando atual possui estoque
ok 94 - não reconcilia alternativa mais cara quando atual possui estoque
  ---
  duration_ms: 0.52844
  type: 'test'
  ...
# Subtest: reconcilia alternativa com estoque quando fornecedor atual está indisponível
ok 95 - reconcilia alternativa com estoque quando fornecedor atual está indisponível
  ---
  duration_ms: 0.324307
  type: 'test'
  ...
# Subtest: reconcilia alternativa com estoque quando fornecedor atual está inativo
ok 96 - reconcilia alternativa com estoque quando fornecedor atual está inativo
  ---
  duration_ms: 0.162352
  type: 'test'
  ...
# Subtest: reconcilia fornecedor atual quando snapshot está obsoleto
ok 97 - reconcilia fornecedor atual quando snapshot está obsoleto
  ---
  duration_ms: 0.09438
  type: 'test'
  ...
# Subtest: ignora alternativa inativa ou sem estoque quando atual está disponível
ok 98 - ignora alternativa inativa ou sem estoque quando atual está disponível
  ---
  duration_ms: 0.089182
  type: 'test'
  ...
# Subtest: preferência manual ignora reconciliação de alternativa mais barata
ok 99 - preferência manual ignora reconciliação de alternativa mais barata
  ---
  duration_ms: 0.101121
  type: 'test'
  ...
# (node:661786) [MODULE_TYPELESS_PACKAGE_JSON] Warning: Module type of file:///home/felipe/Documentos/Projetos/vortek/vortek-prod/src/services/pricing-strategy.ts is not specified and it doesn't parse as CommonJS.
# Reparsing as ES module because module syntax was detected. This incurs a performance overhead.
# To eliminate this warning, add "type": "module" to /home/felipe/Documentos/Projetos/vortek/vortek-prod/package.json.
# (Use `node --trace-warnings ...` to show where the warning was created)
# Subtest: lucro nominal não é interface de pricing operacional
ok 100 - lucro nominal não é interface de pricing operacional
  ---
  duration_ms: 0.545925
  type: 'test'
  ...
# Subtest: preço novo depende do alvo da faixa final, nunca de lucro nominal
ok 101 - preço novo depende do alvo da faixa final, nunca de lucro nominal
  ---
  duration_ms: 1.028088
  type: 'test'
  ...
1..101
# tests 101
# suites 0
# pass 101
# fail 0
# cancelled 0
# skipped 0
# todo 0
# duration_ms 1164.654104
